#!/usr/bin/env python3
""" Main 100
"""
import base64
from api.v1.auth.basic_auth import BasicAuth
from models.user import User

""" Create a user test """
user_email = "bob100@hbtn.io"
user_clear_pwd = "H0lberton:School:98!"

user = User()
user.email = user_email
user.password = user_clear_pwd
print("New user: {}".format(user.id))
user.save()

basic_clear = "{}:{}".format(user_email, user_clear_pwd)
print("Basic Base64: {}".format(base64.b64encode(basic_clear.encode('utf-8')).decode("utf-8")))

bob@dylan:~$ 
bob@dylan:~$ API_HOST=0.0.0.0 API_PORT=5000 ./main_100.py 
New user: 5891469b-d2d5-4d33-b05d-02617d665368
Basic Base64: Ym9iMTAwQGhidG4uaW86SDBsYmVydG9uOlNjaG9vbDo5OCE=
bob@dylan:~$
bob@dylan:~$ API_HOST=0.0.0.0 API_PORT=5000 AUTH_TYPE=basic_auth python3 -m api.v1.app
 * Running on http://0.0.0.0:5000/ (Press CTRL+C to quit)
....
In a second terminal:

bob@dylan:~$ curl "http://0.0.0.0:5000/api/v1/status"
{
  "status": "OK"
}
bob@dylan:~$
bob@dylan:~$ curl "http://0.0.0.0:5000/api/v1/users"
{
  "error": "Unauthorized"
}
bob@dylan:~$ 
bob@dylan:~$ curl "http://0.0.0.0:5000/api/v1/users" -H "Authorization: Test"
{
  "error": "Forbidden"
}
bob@dylan:~$
bob@dylan:~$ curl "http://0.0.0.0:5000/api/v1/users" -H "Authorization: Basic test"
{
  "error": "Forbidden"
}
